getMe preflight: {'ok': True, 'id': 7688429343, 'username': 'nnj_newsroombot'}
{
 "selected_event": "I made this for kids around 10 to 14. A robot called Errol solves a math problem step by step and one of the steps is",
 "preflight": {
  "status": "PENDING",
  "checks": {},
  "reason": "only 154 characters of stored body evidence - the article itself must be acquired before any claim can be checked"
 },
 "reason": "STOPPED: evidence preflight PENDING on every allowed copy - no generation",
 "gate": null,
 "chosen_format": null,
 "llm_spent_usd": "0",
 "image_ledger_usd": null,
 "attempts": [
  [
   "Hacker News Front Page",
   "PENDING"
  ]
 ]
}
