=== A0_source_span_repetition (1 files)
17 passed in 17.18s
=== A_blockers_contract_evidence (7 files)
FAILED tests/test_instagram_phase_b6_media_first.py::test_the_number_of_generated_slides_is_bounded
1 failed, 95 passed, 384 warnings in 101.53s (0:01:41)
=== B_article_acquisition (7 files)
FAILED tests/test_evidence_package_degradation.py::test_build_evidence_package_raises_when_table_missing
1 failed, 55 passed, 15 skipped in 16.45s
=== C_source_media (6 files)
128 passed, 60 warnings in 25.20s
=== D_daily_feed_planner (1 files)
357 passed in 10.81s
=== E_daily_duplicate_boundary (3 files)
65 passed in 18.30s
=== F_weekly_editor_selector (2 files)
34 passed in 17.41s
=== G_trigger (1 files)
12 passed in 12.21s
=== H_worker_wiring_kill_switch (2 files)
7 passed in 10.06s
=== I_selection_consumers_recap_bundle (4 files)
64 passed, 327 warnings in 56.08s
=== J_content_cycle_instagram (2 files)
41 passed in 14.84s
=== K_story_memory_boundary (3 files)
116 passed, 1 skipped in 7.57s
=== L_grounding_art_critic_observability (5 files)
76 passed, 147 warnings in 127.10s (0:02:07)
=== DONE
